../Core/Src/quadspi.c:33:6:MX_QUADSPI_Init	16	static
../Core/Src/quadspi.c:70:6:HAL_QSPI_MspInit	248	static
../Core/Src/quadspi.c:164:6:HAL_QSPI_MspDeInit	16	static
../Core/Src/quadspi.c:203:10:QSPI_EnableMemoryMappedMode	72	static
../Core/Src/quadspi.c:229:9:QSPI_EnterFourBytesAddress	64	static
../Core/Src/quadspi.c:259:9:BSP_QSPI_Init	72	static
../Core/Src/quadspi.c:304:9:BSP_QSPI_Read	80	static
../Core/Src/quadspi.c:339:9:BSP_QSPI_FastRead	80	static
../Core/Src/quadspi.c:374:9:BSP_QSPI_Write	96	static
../Core/Src/quadspi.c:450:9:BSP_QSPI_Erase_Sector	72	static
../Core/Src/quadspi.c:483:9:BSP_QSPI_Erase_Block32	72	static
../Core/Src/quadspi.c:516:9:BSP_QSPI_Erase_Block64	72	static
../Core/Src/quadspi.c:549:9:BSP_QSPI_Erase_Chip	64	static
../Core/Src/quadspi.c:581:9:BSP_QSPI_GetStatus	72	static
../Core/Src/quadspi.c:618:9:BSP_QSPI_GetInfo	16	static
../Core/Src/quadspi.c:629:9:QSPI_ResetMemory	64	static
../Core/Src/quadspi.c:662:16:QSPI_WriteEnable	88	static
../Core/Src/quadspi.c:702:16:QSPI_AutoPollingMemReady	96	static
../Core/Src/quadspi.c:732:10:QSPI_FLASH_ReadID	80	static
../Core/Src/quadspi.c:772:10:QSPI_FLASH_ReadDeviceID	80	static
../Core/Src/quadspi.c:816:10:QSPI_FLASH_ReadStatusReg	88	static
../Core/Src/quadspi.c:862:10:QSPI_FLASH_WriteStatusReg	72	static
../Core/Src/quadspi.c:913:6:QSPI_Set_WP_High	32	static
../Core/Src/quadspi.c:930:6:QSPI_Set_WP_TO_QSPI_IO	32	static
../Core/Src/quadspi.c:944:6:QSPI_FLASH_Wait_Busy	16	static
